[    1948ms] [ERROR] Failed to load resource: the server responded with a status of 500 (Internal Server Error) @ http://localhost:8000/api/v1/branding:0
[   70717ms] [ERROR] Failed to load resource: the server responded with a status of 500 (Internal Server Error) @ http://localhost:8000/api/v1/dashboard/countries:0
[   70800ms] [ERROR] Failed to load resource: the server responded with a status of 500 (Internal Server Error) @ http://localhost:8000/api/v1/dashboard:0
[   70801ms] [ERROR] Failed to load dashboard: AxiosError: Request failed with status code 500
    at settle (http://localhost:3000/node_modules/.vite/deps/axios.js?v=f456c76a:1645:14)
    at XMLHttpRequest.onloadend (http://localhost:3000/node_modules/.vite/deps/axios.js?v=f456c76a:1962:4)
    at Axios$1.request (http://localhost:3000/node_modules/.vite/deps/axios.js?v=f456c76a:2531:37)
    at async fetchDashboard (http://localhost:3000/src/pages/dashboard/DashboardPage.vue?t=1777904100995:32:22) @ http://localhost:3000/src/pages/dashboard/DashboardPage.vue?t=1777904100995:36
[  177380ms] [ERROR] Failed to load resource: the server responded with a status of 500 (Internal Server Error) @ http://localhost:8000/api/v1/branding:0
[  177762ms] [ERROR] Failed to load resource: the server responded with a status of 500 (Internal Server Error) @ http://localhost:8000/api/v1/dashboard/countries:0
[  177873ms] [ERROR] Failed to load resource: the server responded with a status of 500 (Internal Server Error) @ http://localhost:8000/api/v1/dashboard:0
[  177875ms] [ERROR] Failed to load dashboard: AxiosError: Request failed with status code 500
    at settle (http://localhost:3000/node_modules/.vite/deps/axios.js?v=f456c76a:1645:14)
    at XMLHttpRequest.onloadend (http://localhost:3000/node_modules/.vite/deps/axios.js?v=f456c76a:1962:4)
    at Axios$1.request (http://localhost:3000/node_modules/.vite/deps/axios.js?v=f456c76a:2531:37)
    at async fetchDashboard (http://localhost:3000/src/pages/dashboard/DashboardPage.vue?t=1777904100995:32:22) @ http://localhost:3000/src/pages/dashboard/DashboardPage.vue?t=1777904100995:36
[  265478ms] [ERROR] Failed to load resource: the server responded with a status of 500 (Internal Server Error) @ http://localhost:8000/api/v1/dashboard/countries:0
[  265548ms] [ERROR] Failed to load resource: the server responded with a status of 500 (Internal Server Error) @ http://localhost:8000/api/v1/dashboard:0
[  265551ms] [ERROR] Failed to load dashboard: AxiosError: Request failed with status code 500
    at settle (http://localhost:3000/node_modules/.vite/deps/axios.js?v=f456c76a:1645:14)
    at XMLHttpRequest.onloadend (http://localhost:3000/node_modules/.vite/deps/axios.js?v=f456c76a:1962:4)
    at Axios$1.request (http://localhost:3000/node_modules/.vite/deps/axios.js?v=f456c76a:2531:37)
    at async fetchDashboard (http://localhost:3000/src/pages/dashboard/DashboardPage.vue?t=1777904100995:32:22) @ http://localhost:3000/src/pages/dashboard/DashboardPage.vue?t=1777904100995:36
